// Jest Snapshot v1, https://goo.gl/fbAQLP

exports[`IconButtons component matches snapshot 1`] = `
.emotion-3 {
  box-sizing: border-box;
  margin: 0;
  min-width: 0;
}

.emotion-0 {
  box-sizing: border-box;
  margin: 0;
  min-width: 0;
  -webkit-appearance: none;
  -moz-appearance: none;
  appearance: none;
  display: -webkit-inline-box;
  display: -webkit-inline-flex;
  display: -ms-inline-flexbox;
  display: inline-flex;
  -webkit-align-items: center;
  -webkit-box-align: center;
  -ms-flex-align: center;
  align-items: center;
  -webkit-box-pack: center;
  -webkit-justify-content: center;
  -ms-flex-pack: center;
  justify-content: center;
  padding: 8px;
  width: 32px;
  height: 32px;
  color: inherit;
  background-color: transparent;
  border: none;
  border-radius: 4px;
  width: 40px;
  height: 40px;
  cursor: pointer;
  outline: none;
}

@media screen and (min-width:768px) {
  .emotion-0 {
    width: 48px;
    height: 48px;
  }
}

.emotion-1 {
  box-sizing: border-box;
  margin: 0;
  min-width: 0;
  color: var(--theme-ui-colors-text,#111);
}

<div>
  <div
    class="emotion-3"
  >
    <button
      class="emotion-0"
    >
      <svg
        data-testid="moon-icon"
        fill="none"
        height="100%"
        stroke="currentColor"
        stroke-linecap="round"
        stroke-linejoin="round"
        stroke-width="2"
        viewBox="0 0 24 24"
        width="100%"
        xmlns="http://www.w3.org/2000/svg"
      >
        <path
          d="M21 12.79A9 9 0 1 1 11.21 3 7 7 0 0 0 21 12.79z"
        />
      </svg>
    </button>
    <button
      class="emotion-0"
    >
      <a
        class="emotion-1"
        href="https://github.com/ixahmedxi/next-boilerpack"
        rel="noopener noreferrer"
        target="_blank"
      >
        <svg
          fill="none"
          height="100%"
          stroke="currentColor"
          stroke-linecap="round"
          stroke-linejoin="round"
          stroke-width="2"
          viewBox="0 0 24 24"
          width="100%"
          xmlns="http://www.w3.org/2000/svg"
        >
          <path
            d="M9 19c-5 1.5-5-2.5-7-3m14 6v-3.87a3.37 3.37 0 0 0-.94-2.61c3.14-.35 6.44-1.54 6.44-7A5.44 5.44 0 0 0 20 4.77 5.07 5.07 0 0 0 19.91 1S18.73.65 16 2.48a13.38 13.38 0 0 0-7 0C6.27.65 5.09 1 5.09 1A5.07 5.07 0 0 0 5 4.77a5.44 5.44 0 0 0-1.5 3.78c0 5.42 3.3 6.61 6.44 7A3.37 3.37 0 0 0 9 18.13V22"
          />
        </svg>
      </a>
    </button>
  </div>
</div>
`;
