// Jest Snapshot v1, https://goo.gl/fbAQLP

exports[`Docs component matches snapshot 1`] = `
.emotion-13 {
  box-sizing: border-box;
  margin: 0;
  min-width: 0;
  margin-top: 32px;
}

@media screen and (min-width:576px) {
  .emotion-13 {
    margin-top: 32px;
  }
}

@media screen and (min-width:768px) {
  .emotion-13 {
    margin-top: 40px;
  }
}

.emotion-0 {
  box-sizing: border-box;
  margin: 0;
  min-width: 0;
  color: var(--theme-ui-colors-secondary,#37b3ac);
  font-family: Staatliches,Open Sans,system-ui,-apple-system,BlinkMacSystemFont,"Segoe UI",Roboto,"Helvetica Neue",sans-serif;
  font-size: 24px;
  padding-bottom: 8px;
}

@media screen and (min-width:576px) {
  .emotion-0 {
    font-size: 32px;
    padding-bottom: 16px;
  }
}

@media screen and (min-width:768px) {
  .emotion-0 {
    padding-bottom: 16px;
  }
}

.emotion-1 {
  box-sizing: border-box;
  margin: 0;
  min-width: 0;
  line-height: 2;
  font-size: 12px;
}

@media screen and (min-width:576px) {
  .emotion-1 {
    font-size: 12px;
  }
}

@media screen and (min-width:768px) {
  .emotion-1 {
    font-size: 16px;
  }
}

.emotion-12 {
  margin: 0;
  padding-top: 8px;
}

@media screen and (min-width:576px) {
  .emotion-12 {
    padding-top: 8px;
  }
}

@media screen and (min-width:768px) {
  .emotion-12 {
    padding-top: 16px;
  }
}

.emotion-2 {
  box-sizing: border-box;
  margin: 0;
  min-width: 0;
  color: var(--theme-ui-colors-primary,#657eea);
  display: inline-block;
  -webkit-text-decoration: none;
  text-decoration: none;
  border-bottom: 1px solid;
  border-color: var(--theme-ui-colors-primary,#657eea);
  font-size: 12px;
  padding-top: 0;
}

@media screen and (min-width:576px) {
  .emotion-2 {
    font-size: 12px;
    padding-top: 0;
  }
}

@media screen and (min-width:768px) {
  .emotion-2 {
    font-size: 16px;
    padding-top: 8px;
  }
}

<div>
  <div
    class="emotion-13"
  >
    <h1
      class="emotion-0"
    >
      Features
    </h1>
    <p
      class="emotion-1"
    >
      The boilerplate comes with many libraries and tools set up out of the box to extend React's feature set, some of the tools included in the boilerplate are:
    </p>
    <ul
      class="emotion-12"
    >
      <li>
        <a
          class="emotion-2"
          href="https://theme-ui.com/"
          rel="noopener noreferrer"
          target="_blank"
        >
          Theme UI
        </a>
      </li>
      <li>
        <a
          class="emotion-2"
          href="https://react-icons.github.io/react-icons/"
          rel="noopener noreferrer"
          target="_blank"
        >
          React Icons
        </a>
      </li>
      <li>
        <a
          class="emotion-2"
          href="https://jestjs.io/"
          rel="noopener noreferrer"
          target="_blank"
        >
          Jest
        </a>
      </li>
      <li>
        <a
          class="emotion-2"
          href="https://testing-library.com/"
          rel="noopener noreferrer"
          target="_blank"
        >
          React Testing Library
        </a>
      </li>
      <li>
        <a
          class="emotion-2"
          href="https://eslint.org/"
          rel="noopener noreferrer"
          target="_blank"
        >
          ESLint
        </a>
      </li>
      <li>
        <a
          class="emotion-2"
          href="https://prettier.io/"
          rel="noopener noreferrer"
          target="_blank"
        >
          Prettier
        </a>
      </li>
      <li>
        <a
          class="emotion-2"
          href="https://github.com/typicode/husky"
          rel="noopener noreferrer"
          target="_blank"
        >
          Husky
        </a>
      </li>
      <li>
        <a
          class="emotion-2"
          href="https://github.com/okonet/lint-staged"
          rel="noopener noreferrer"
          target="_blank"
        >
          Lint Staged
        </a>
      </li>
      <li>
        <a
          class="emotion-2"
          href="https://github.com/garmeeh/next-seo"
          rel="noopener noreferrer"
          target="_blank"
        >
          Next SEO
        </a>
      </li>
      <li>
        <a
          class="emotion-2"
          href="https://github.com/twopluszero/next-images"
          rel="noopener noreferrer"
          target="_blank"
        >
          Next Images
        </a>
      </li>
    </ul>
  </div>
</div>
`;
